Jack Cui
https://cuijiahua.com
https://mp.weixin.qq.com/s/OCWwRVDFNslIuKyiCVUoTA
Jack Cui
https://cuijiahua.com
https://mp.weixin.qq.com/s/OCWwRVDFNslIuKyiCVUoTA
RMSE loss:, 0.4718455228776879
RMSE loss:, 32.99310800734442
